// Jest Snapshot v1, https://goo.gl/fbAQLP

exports[`Accordion Component render Accordion -- props hasBorder 1`] = `"<taro-view-core class=\\"at-accordion\\" style=\\"\\"><taro-view-core class=\\"at-accordion__header at-accordion__header--noborder\\"><taro-view-core class=\\"at-accordion__info\\"><taro-view-core class=\\"at-accordion__info__title\\"></taro-view-core><taro-view-core class=\\"at-accordion__info__note\\"></taro-view-core></taro-view-core><taro-view-core class=\\"at-accordion__arrow\\"><taro-text-core class=\\"at-icon at-icon-chevron-down\\"></taro-text-core></taro-view-core></taro-view-core><taro-view-core class=\\"at-accordion__content at-accordion__content--inactive\\"><taro-view-core class=\\"at-accordion__body\\"></taro-view-core></taro-view-core></taro-view-core>"`;

exports[`Accordion Component render Accordion -- props icon 1`] = `ReactWrapper {}`;

exports[`Accordion Component render Accordion -- props note 1`] = `ReactWrapper {}`;

exports[`Accordion Component render Accordion -- props open 1`] = `"<taro-view-core class=\\"at-accordion\\" style=\\"\\"><taro-view-core class=\\"at-accordion__header\\"><taro-view-core class=\\"at-accordion__info\\"><taro-view-core class=\\"at-accordion__info__title\\"></taro-view-core><taro-view-core class=\\"at-accordion__info__note\\"></taro-view-core></taro-view-core><taro-view-core class=\\"at-accordion__arrow at-accordion__arrow--folded\\"><taro-text-core class=\\"at-icon at-icon-chevron-down\\"></taro-text-core></taro-view-core></taro-view-core><taro-view-core class=\\"at-accordion__content\\"><taro-view-core class=\\"at-accordion__body\\"></taro-view-core></taro-view-core></taro-view-core>"`;

exports[`Accordion Component render Accordion -- props title 1`] = `"<taro-view-core class=\\"at-accordion\\" style=\\"\\"><taro-view-core class=\\"at-accordion__header\\"><taro-view-core class=\\"at-accordion__info\\"><taro-view-core class=\\"at-accordion__info__title\\">title</taro-view-core><taro-view-core class=\\"at-accordion__info__note\\"></taro-view-core></taro-view-core><taro-view-core class=\\"at-accordion__arrow\\"><taro-text-core class=\\"at-icon at-icon-chevron-down\\"></taro-text-core></taro-view-core></taro-view-core><taro-view-core class=\\"at-accordion__content at-accordion__content--inactive\\"><taro-view-core class=\\"at-accordion__body\\"></taro-view-core></taro-view-core></taro-view-core>"`;

exports[`Accordion Component render initial Accordion 1`] = `"<taro-view-core class=\\"at-accordion\\" style=\\"\\"><taro-view-core class=\\"at-accordion__header\\"><taro-view-core class=\\"at-accordion__info\\"><taro-view-core class=\\"at-accordion__info__title\\"></taro-view-core><taro-view-core class=\\"at-accordion__info__note\\"></taro-view-core></taro-view-core><taro-view-core class=\\"at-accordion__arrow\\"><taro-text-core class=\\"at-icon at-icon-chevron-down\\"></taro-text-core></taro-view-core></taro-view-core><taro-view-core class=\\"at-accordion__content at-accordion__content--inactive\\"><taro-view-core class=\\"at-accordion__body\\"></taro-view-core></taro-view-core></taro-view-core>"`;
