// Jest Snapshot v1, https://goo.gl/fbAQLP

exports[`ActivityIndicator Component render ActivityIndicator -- props color 1`] = `"<taro-view-core class=\\"at-activity-indicator at-activity-indicator--isopened\\"><taro-view-core class=\\"at-activity-indicator__body\\"><taro-view-core class=\\"at-loading\\"><taro-view-core class=\\"at-loading__ring\\" style=\\"border: 1px solid #13ce66; border-color: #13ce66 transparent transparent transparent;\\"></taro-view-core><taro-view-core class=\\"at-loading__ring\\" style=\\"border: 1px solid #13ce66; border-color: #13ce66 transparent transparent transparent;\\"></taro-view-core><taro-view-core class=\\"at-loading__ring\\" style=\\"border: 1px solid #13ce66; border-color: #13ce66 transparent transparent transparent;\\"></taro-view-core></taro-view-core></taro-view-core></taro-view-core>"`;

exports[`ActivityIndicator Component render ActivityIndicator -- props content  1`] = `"<taro-view-core class=\\"at-activity-indicator at-activity-indicator--isopened\\"><taro-view-core class=\\"at-activity-indicator__body\\"><taro-view-core class=\\"at-loading\\"><taro-view-core class=\\"at-loading__ring\\"></taro-view-core><taro-view-core class=\\"at-loading__ring\\"></taro-view-core><taro-view-core class=\\"at-loading__ring\\"></taro-view-core></taro-view-core></taro-view-core><taro-text-core class=\\"at-activity-indicator__content\\">加载中</taro-text-core></taro-view-core>"`;

exports[`ActivityIndicator Component render ActivityIndicator -- props isOpened  1`] = `"<taro-view-core class=\\"at-activity-indicator\\"><taro-view-core class=\\"at-activity-indicator__body\\"><taro-view-core class=\\"at-loading\\"><taro-view-core class=\\"at-loading__ring\\"></taro-view-core><taro-view-core class=\\"at-loading__ring\\"></taro-view-core><taro-view-core class=\\"at-loading__ring\\"></taro-view-core></taro-view-core></taro-view-core></taro-view-core>"`;

exports[`ActivityIndicator Component render ActivityIndicator -- props mode  1`] = `"<taro-view-core class=\\"at-activity-indicator at-activity-indicator--center at-activity-indicator--isopened\\"><taro-view-core class=\\"at-activity-indicator__body\\"><taro-view-core class=\\"at-loading\\"><taro-view-core class=\\"at-loading__ring\\"></taro-view-core><taro-view-core class=\\"at-loading__ring\\"></taro-view-core><taro-view-core class=\\"at-loading__ring\\"></taro-view-core></taro-view-core></taro-view-core></taro-view-core>"`;

exports[`ActivityIndicator Component render ActivityIndicator -- props size 1`] = `"<taro-view-core class=\\"at-activity-indicator at-activity-indicator--isopened\\"><taro-view-core class=\\"at-activity-indicator__body\\"><taro-view-core class=\\"at-loading\\"><taro-view-core class=\\"at-loading__ring\\"></taro-view-core><taro-view-core class=\\"at-loading__ring\\"></taro-view-core><taro-view-core class=\\"at-loading__ring\\"></taro-view-core></taro-view-core></taro-view-core></taro-view-core>"`;

exports[`ActivityIndicator Component render initial ActivityIndicator 1`] = `"<taro-view-core class=\\"at-activity-indicator at-activity-indicator--isopened\\"><taro-view-core class=\\"at-activity-indicator__body\\"><taro-view-core class=\\"at-loading\\"><taro-view-core class=\\"at-loading__ring\\"></taro-view-core><taro-view-core class=\\"at-loading__ring\\"></taro-view-core><taro-view-core class=\\"at-loading__ring\\"></taro-view-core></taro-view-core></taro-view-core></taro-view-core>"`;
