// Jest Snapshot v1, https://goo.gl/fbAQLP

exports[`ActionSheet Component render ActionSheet -- props cancelText 1`] = `"<taro-view-core class=\\"at-action-sheet\\"><taro-view-core class=\\"at-action-sheet__overlay\\"></taro-view-core><taro-view-core class=\\"at-action-sheet__container\\"><taro-view-core class=\\"at-action-sheet__body\\"><taro-view-core class=\\"at-action-sheet__item\\">按钮一</taro-view-core><taro-view-core class=\\"at-action-sheet__item\\">按钮二</taro-view-core></taro-view-core><taro-view-core class=\\"at-action-sheet__footer\\">cancel</taro-view-core></taro-view-core></taro-view-core>"`;

exports[`ActionSheet Component render ActionSheet -- props isOpened  1`] = `"<taro-view-core class=\\"at-action-sheet at-action-sheet--active\\"><taro-view-core class=\\"at-action-sheet__overlay\\"></taro-view-core><taro-view-core class=\\"at-action-sheet__container\\"><taro-view-core class=\\"at-action-sheet__body\\"><taro-view-core class=\\"at-action-sheet__item\\">按钮一</taro-view-core><taro-view-core class=\\"at-action-sheet__item\\">按钮二</taro-view-core></taro-view-core></taro-view-core></taro-view-core>"`;

exports[`ActionSheet Component render ActionSheet -- props title 1`] = `"<taro-view-core class=\\"at-action-sheet\\"><taro-view-core class=\\"at-action-sheet__overlay\\"></taro-view-core><taro-view-core class=\\"at-action-sheet__container\\"><taro-view-core class=\\"at-action-sheet__header\\">title</taro-view-core><taro-view-core class=\\"at-action-sheet__body\\"><taro-view-core class=\\"at-action-sheet__item\\">按钮一</taro-view-core><taro-view-core class=\\"at-action-sheet__item\\">按钮二</taro-view-core></taro-view-core></taro-view-core></taro-view-core>"`;

exports[`ActionSheet Component render initial ActionSheet 1`] = `"<taro-view-core class=\\"at-action-sheet\\"><taro-view-core class=\\"at-action-sheet__overlay\\"></taro-view-core><taro-view-core class=\\"at-action-sheet__container\\"><taro-view-core class=\\"at-action-sheet__body\\"><taro-view-core class=\\"at-action-sheet__item\\">按钮一</taro-view-core><taro-view-core class=\\"at-action-sheet__item\\">按钮二</taro-view-core></taro-view-core></taro-view-core></taro-view-core>"`;
