// Jest Snapshot v1, https://goo.gl/fbAQLP

exports[`Avatar Component render Avatar -- props circle 1`] = `"<taro-view-core class=\\"at-avatar at-avatar--normal at-avatar--circle\\"><taro-text-core class=\\"at-avatar__text\\"></taro-text-core></taro-view-core>"`;

exports[`Avatar Component render Avatar -- props image 1`] = `"<taro-view-core class=\\"at-avatar at-avatar--normal\\"><taro-image-core class=\\"at-avatar__img\\"></taro-image-core></taro-view-core>"`;

exports[`Avatar Component render Avatar -- props size(large)  1`] = `"<taro-view-core class=\\"at-avatar at-avatar--large\\"><taro-text-core class=\\"at-avatar__text\\"></taro-text-core></taro-view-core>"`;

exports[`Avatar Component render Avatar -- props size(normal)  1`] = `"<taro-view-core class=\\"at-avatar at-avatar--normal\\"><taro-text-core class=\\"at-avatar__text\\"></taro-text-core></taro-view-core>"`;

exports[`Avatar Component render Avatar -- props size(small)  1`] = `"<taro-view-core class=\\"at-avatar at-avatar--small\\"><taro-text-core class=\\"at-avatar__text\\"></taro-text-core></taro-view-core>"`;

exports[`Avatar Component render Avatar -- props text 1`] = `"<taro-view-core class=\\"at-avatar at-avatar--normal\\"><taro-text-core class=\\"at-avatar__text\\">å‡¹</taro-text-core></taro-view-core>"`;

exports[`Avatar Component render initial Avatar 1`] = `"<taro-view-core class=\\"at-avatar at-avatar--normal\\"><taro-text-core class=\\"at-avatar__text\\"></taro-text-core></taro-view-core>"`;
