// Jest Snapshot v1, https://goo.gl/fbAQLP

exports[`Badge Component render Badge -- props dot 1`] = `"<taro-view-core class=\\"at-badge\\"><taro-view-core>测试文字</taro-view-core><taro-view-core class=\\"at-badge__dot\\"></taro-view-core></taro-view-core>"`;

exports[`Badge Component render Badge -- props maxValue 1`] = `"<taro-view-core class=\\"at-badge\\"><taro-view-core>测试文字</taro-view-core><taro-view-core class=\\"at-badge__num\\">9+</taro-view-core></taro-view-core>"`;

exports[`Badge Component render Badge -- props value(number) 1`] = `"<taro-view-core class=\\"at-badge\\"><taro-view-core>测试文字</taro-view-core><taro-view-core class=\\"at-badge__num\\">6</taro-view-core></taro-view-core>"`;

exports[`Badge Component render Badge -- props value(string but not a number) 1`] = `"<taro-view-core class=\\"at-badge\\"><taro-view-core>测试文字</taro-view-core><taro-view-core class=\\"at-badge__num\\">Test</taro-view-core></taro-view-core>"`;

exports[`Badge Component render Badge -- props value(string) 1`] = `"<taro-view-core class=\\"at-badge\\"><taro-view-core>测试文字</taro-view-core><taro-view-core class=\\"at-badge__num\\">3</taro-view-core></taro-view-core>"`;

exports[`Badge Component render initial Badge 1`] = `"<taro-view-core class=\\"at-badge\\"><taro-view-core>测试文字</taro-view-core></taro-view-core>"`;
