// Jest Snapshot v1, https://goo.gl/fbAQLP

exports[`Button Component render Button -- props circle 1`] = `"<taro-view-core class=\\"at-button at-button--normal at-button--circle\\"><taro-button-core class=\\"at-button__wxbutton\\" lang=\\"en\\"></taro-button-core><taro-view-core class=\\"at-button__text\\">按钮</taro-view-core></taro-view-core>"`;

exports[`Button Component render Button -- props disabled 1`] = `"<taro-view-core class=\\"at-button at-button--normal at-button--disabled\\"><taro-view-core class=\\"at-button__text\\">按钮</taro-view-core></taro-view-core>"`;

exports[`Button Component render Button -- props formType 1`] = `"<taro-view-core class=\\"at-button at-button--normal\\"><taro-button-core class=\\"at-button__wxbutton\\" lang=\\"en\\"></taro-button-core><taro-view-core class=\\"at-button__text\\">按钮</taro-view-core></taro-view-core>"`;

exports[`Button Component render Button -- props full 1`] = `"<taro-view-core class=\\"at-button at-button--normal at-button--full\\"><taro-button-core class=\\"at-button__wxbutton\\" lang=\\"en\\"></taro-button-core><taro-view-core class=\\"at-button__text\\">按钮</taro-view-core></taro-view-core>"`;

exports[`Button Component render Button -- props lang 1`] = `"<taro-view-core class=\\"at-button at-button--normal\\"><taro-button-core class=\\"at-button__wxbutton\\" lang=\\"zh_CN\\"></taro-button-core><taro-view-core class=\\"at-button__text\\">按钮</taro-view-core></taro-view-core>"`;

exports[`Button Component render Button -- props loading 1`] = `"<taro-view-core class=\\"at-button at-button--icon at-button--normal\\"><taro-button-core class=\\"at-button__wxbutton\\" lang=\\"en\\"></taro-button-core><taro-view-core class=\\"at-button__icon\\"><taro-view-core class=\\"at-loading\\"><taro-view-core class=\\"at-loading__ring\\"></taro-view-core><taro-view-core class=\\"at-loading__ring\\"></taro-view-core><taro-view-core class=\\"at-loading__ring\\"></taro-view-core></taro-view-core></taro-view-core><taro-view-core class=\\"at-button__text\\">按钮</taro-view-core></taro-view-core>"`;

exports[`Button Component render Button -- props loading(with primary type) 1`] = `"<taro-view-core class=\\"at-button at-button--icon at-button--normal at-button--primary\\"><taro-button-core class=\\"at-button__wxbutton\\" lang=\\"en\\"></taro-button-core><taro-view-core class=\\"at-button__icon\\"><taro-view-core class=\\"at-loading\\"><taro-view-core class=\\"at-loading__ring\\" style=\\"border: 1px solid #fff; border-color: #fff transparent transparent transparent;\\"></taro-view-core><taro-view-core class=\\"at-loading__ring\\" style=\\"border: 1px solid #fff; border-color: #fff transparent transparent transparent;\\"></taro-view-core><taro-view-core class=\\"at-loading__ring\\" style=\\"border: 1px solid #fff; border-color: #fff transparent transparent transparent;\\"></taro-view-core></taro-view-core></taro-view-core><taro-view-core class=\\"at-button__text\\">按钮</taro-view-core></taro-view-core>"`;

exports[`Button Component render Button -- props loading(with small size) 1`] = `"<taro-view-core class=\\"at-button at-button--icon at-button--small\\"><taro-button-core class=\\"at-button__wxbutton\\" lang=\\"en\\"></taro-button-core><taro-view-core class=\\"at-button__icon\\"><taro-view-core class=\\"at-loading\\"><taro-view-core class=\\"at-loading__ring\\"></taro-view-core><taro-view-core class=\\"at-loading__ring\\"></taro-view-core><taro-view-core class=\\"at-loading__ring\\"></taro-view-core></taro-view-core></taro-view-core><taro-view-core class=\\"at-button__text\\">按钮</taro-view-core></taro-view-core>"`;

exports[`Button Component render Button -- props size(normal) 1`] = `"<taro-view-core class=\\"at-button at-button--normal\\"><taro-button-core class=\\"at-button__wxbutton\\" lang=\\"en\\"></taro-button-core><taro-view-core class=\\"at-button__text\\">按钮</taro-view-core></taro-view-core>"`;

exports[`Button Component render Button -- props size(small) 1`] = `"<taro-view-core class=\\"at-button at-button--small\\"><taro-button-core class=\\"at-button__wxbutton\\" lang=\\"en\\"></taro-button-core><taro-view-core class=\\"at-button__text\\">按钮</taro-view-core></taro-view-core>"`;

exports[`Button Component render Button -- props type(primary) 1`] = `"<taro-view-core class=\\"at-button at-button--normal at-button--primary\\"><taro-button-core class=\\"at-button__wxbutton\\" lang=\\"en\\"></taro-button-core><taro-view-core class=\\"at-button__text\\">按钮</taro-view-core></taro-view-core>"`;

exports[`Button Component render Button -- props type(secondary) 1`] = `"<taro-view-core class=\\"at-button at-button--normal at-button--secondary\\"><taro-button-core class=\\"at-button__wxbutton\\" lang=\\"en\\"></taro-button-core><taro-view-core class=\\"at-button__text\\">按钮</taro-view-core></taro-view-core>"`;

exports[`Button Component render initial Button 1`] = `"<taro-view-core class=\\"at-button at-button--normal\\"><taro-button-core class=\\"at-button__wxbutton\\" lang=\\"en\\"></taro-button-core><taro-view-core class=\\"at-button__text\\">按钮</taro-view-core></taro-view-core>"`;
