// Jest Snapshot v1, https://goo.gl/fbAQLP

exports[`AtIndexes Snap render AtIndexes -- props animation 1`] = `"<div class=\\"at-indexes\\"><div class=\\"at-indexes__menu\\"><div class=\\"at-indexes__menu-item\\">Top</div></div><div scrollY scrollWithAnimation scrollTop=\\"0\\" scrollIntoView=\\"\\" class=\\"taro-scroll taro-scroll-view__scroll-y at-indexes__body\\"><div id=\\"at-indexes__top\\" class=\\"at-indexes__content\\"></div></div></div>"`;

exports[`AtIndexes Snap render AtIndexes -- props children 1`] = `"<div class=\\"at-indexes\\"><div class=\\"at-indexes__menu\\"><div class=\\"at-indexes__menu-item\\">Top</div></div><div scrollY scrollTop=\\"0\\" scrollIntoView=\\"\\" class=\\"taro-scroll taro-scroll-view__scroll-y at-indexes__body\\"><div id=\\"at-indexes__top\\" class=\\"at-indexes__content\\">children</div></div></div>"`;

exports[`AtIndexes Snap render AtIndexes -- props className 1`] = `"<div class=\\"at-indexes test\\"><div class=\\"at-indexes__menu\\"><div class=\\"at-indexes__menu-item\\">Top</div></div><div scrollY scrollTop=\\"0\\" scrollIntoView=\\"\\" class=\\"taro-scroll taro-scroll-view__scroll-y at-indexes__body\\"><div id=\\"at-indexes__top\\" class=\\"at-indexes__content\\"></div></div></div>"`;

exports[`AtIndexes Snap render AtIndexes -- props customStyle 1`] = `"<div style=\\"color:red;\\" class=\\"at-indexes\\"><div class=\\"at-indexes__menu\\"><div class=\\"at-indexes__menu-item\\">Top</div></div><div scrollY scrollTop=\\"0\\" scrollIntoView=\\"\\" class=\\"taro-scroll taro-scroll-view__scroll-y at-indexes__body\\"><div id=\\"at-indexes__top\\" class=\\"at-indexes__content\\"></div></div></div>"`;

exports[`AtIndexes Snap render AtIndexes -- props list 1`] = `"<div class=\\"at-indexes\\"><div class=\\"at-indexes__menu\\"><div class=\\"at-indexes__menu-item\\">Top</div><div class=\\"at-indexes__menu-item\\">A</div><div class=\\"at-indexes__menu-item\\">B</div></div><div scrollY scrollTop=\\"0\\" scrollIntoView=\\"\\" class=\\"taro-scroll taro-scroll-view__scroll-y at-indexes__body\\"><div id=\\"at-indexes__top\\" class=\\"at-indexes__content\\"></div><div class=\\"at-indexes__list\\"><div id=\\"at-indexes__list-A\\" class=\\"at-indexes__list-title\\">A</div><div class=\\"at-list\\"><div class=\\"at-list__item\\"><div class=\\"at-list__item-container\\">undefinedundefined<div class=\\"at-list__item-content item-content\\"><div class=\\"item-content__info\\"><div class=\\"item-content__info-title\\">阿坝</div>undefined</div></div><div class=\\"at-list__item-extra item-extra\\">undefinedundefinedundefinedundefined</div></div></div><div class=\\"at-list__item\\"><div class=\\"at-list__item-container\\">undefinedundefined<div class=\\"at-list__item-content item-content\\"><div class=\\"item-content__info\\"><div class=\\"item-content__info-title\\">阿里</div>undefined</div></div><div class=\\"at-list__item-extra item-extra\\">undefinedundefinedundefinedundefined</div></div></div><div class=\\"at-list__item\\"><div class=\\"at-list__item-container\\">undefinedundefined<div class=\\"at-list__item-content item-content\\"><div class=\\"item-content__info\\"><div class=\\"item-content__info-title\\">阿拉善</div>undefined</div></div><div class=\\"at-list__item-extra item-extra\\">undefinedundefinedundefinedundefined</div></div></div><div class=\\"at-list__item\\"><div class=\\"at-list__item-container\\">undefinedundefined<div class=\\"at-list__item-content item-content\\"><div class=\\"item-content__info\\"><div class=\\"item-content__info-title\\">阿拉善</div>undefined</div></div><div class=\\"at-list__item-extra item-extra\\">undefinedundefinedundefinedundefined</div></div></div><div class=\\"at-list__item\\"><div class=\\"at-list__item-container\\">undefinedundefined<div class=\\"at-list__item-content item-content\\"><div class=\\"item-content__info\\"><div class=\\"item-content__info-title\\">阿拉善</div>undefined</div></div><div class=\\"at-list__item-extra item-extra\\">undefinedundefinedundefinedundefined</div></div></div><div class=\\"at-list__item\\"><div class=\\"at-list__item-container\\">undefinedundefined<div class=\\"at-list__item-content item-content\\"><div class=\\"item-content__info\\"><div class=\\"item-content__info-title\\">阿拉善</div>undefined</div></div><div class=\\"at-list__item-extra item-extra\\">undefinedundefinedundefinedundefined</div></div></div><div class=\\"at-list__item\\"><div class=\\"at-list__item-container\\">undefinedundefined<div class=\\"at-list__item-content item-content\\"><div class=\\"item-content__info\\"><div class=\\"item-content__info-title\\">阿拉善</div>undefined</div></div><div class=\\"at-list__item-extra item-extra\\">undefinedundefinedundefinedundefined</div></div></div></div></div><div class=\\"at-indexes__list\\"><div id=\\"at-indexes__list-B\\" class=\\"at-indexes__list-title\\">B</div><div class=\\"at-list\\"><div class=\\"at-list__item\\"><div class=\\"at-list__item-container\\">undefinedundefined<div class=\\"at-list__item-content item-content\\"><div class=\\"item-content__info\\"><div class=\\"item-content__info-title\\">百度</div>undefined</div></div><div class=\\"at-list__item-extra item-extra\\">undefinedundefinedundefinedundefined</div></div></div><div class=\\"at-list__item\\"><div class=\\"at-list__item-container\\">undefinedundefined<div class=\\"at-list__item-content item-content\\"><div class=\\"item-content__info\\"><div class=\\"item-content__info-title\\">白色</div>undefined</div></div><div class=\\"at-list__item-extra item-extra\\">undefinedundefinedundefinedundefined</div></div></div><div class=\\"at-list__item\\"><div class=\\"at-list__item-container\\">undefinedundefined<div class=\\"at-list__item-content item-content\\"><div class=\\"item-content__info\\"><div class=\\"item-content__info-title\\">百强</div>undefined</div></div><div class=\\"at-list__item-extra item-extra\\">undefinedundefinedundefinedundefined</div></div></div></div></div></div></div>"`;

exports[`AtIndexes Snap render AtIndexes -- props topKey 1`] = `"<div class=\\"at-indexes\\"><div class=\\"at-indexes__menu\\"><div class=\\"at-indexes__menu-item\\">test</div></div><div scrollY scrollTop=\\"0\\" scrollIntoView=\\"\\" class=\\"taro-scroll taro-scroll-view__scroll-y at-indexes__body\\"><div id=\\"at-indexes__top\\" class=\\"at-indexes__content\\"></div></div></div>"`;

exports[`AtIndexes Snap render initial AtIndexes 1`] = `"<div class=\\"at-indexes\\"><div class=\\"at-indexes__menu\\"><div class=\\"at-indexes__menu-item\\">Top</div></div><div scrollY scrollTop=\\"0\\" scrollIntoView=\\"\\" class=\\"taro-scroll taro-scroll-view__scroll-y at-indexes__body\\"><div id=\\"at-indexes__top\\" class=\\"at-indexes__content\\"></div></div></div>"`;
