// Jest Snapshot v1, https://goo.gl/fbAQLP

exports[`AtMessage Snap render AtMessage -- props className 1`] = `"<div class=\\"at-message at-message--hidden at-message--info test\\"></div>"`;

exports[`AtMessage Snap render AtMessage -- props customStyle 1`] = `"<div style=\\"color:red;\\" class=\\"at-message at-message--hidden at-message--info\\"></div>"`;

exports[`AtMessage Snap render initial AtMessage 1`] = `"<div class=\\"at-message at-message--hidden at-message--info\\"></div>"`;
